package unusedrecv

type T struct{ v int }

func (*T) Named() string { return "named" } // want `receiver "t" is unused`

func (*T) Blank() string { return "blank" } // want `receiver "_" is unused`

func (*T) Omitted() string { return "omitted" }

func (T) Value() string { return "value" } // want `receiver "t" is unused`

func (t *T) Used() int { return t.v }

// Shadowed rebinds the receiver's name, which resolution by type information
// must see through: the receiver itself is still unused.
func (*T) Shadowed() string { // want `receiver "t" is unused`
	if t := "shadow"; t != "" {
		return t
	}

	return ""
}

func Plain() string { return "plain" }

// Annotated names its receiver and explains the name in place; the fix would
// delete that comment, so none is offered.
func (t /* the widget */ *T) Annotated() string { // want `receiver "t" is unused`
	return "annotated"
}
